#./src/main/resources/Entities.map
#Thu May 09 15:34:43 CEST 2019
application4=837
personalDataRookie2Copy3=805
application3=836
personalDataRookie2Copy2=803
application2=835
application1=839
personalData1Rookie1Copy=793
educationalDataRookie1=789
item4=811
item3=810
item2=809
personalDataRookie2=799
item1=808
provider2=807
provider1=806
socialProfileAdmin1=778
audit2=816
audit1=815
userAccount10=777
miscellaneousDataRookie1=787
personalData1Rookie1=788
personalDataRookie2Copy=801
curricula1Rookie1=786
problem6=825
problem5=824
position3=819
problem4=823
position2=818
problem3=822
position1=817
problem2=821
problem1=820
company2=781
configuration1=826
company1=779
curriculaRookie2Copy3=804
curriculaRookie2Copy2=802
curricula1Rookie1Copy=791
socialProfileRookie1=783
positionDataRookie1Copy=795
admin1=827
finderRookie2=785
finderRookie1=784
educationalDataRookie1Copy=794
message3=830
message2=828
curriculaRookie2=798
curriculaRookie2Copy=800
message1=780
personalData2Rookie1=797
miscellaneousDataRookie1Copy=792
socialProfileCompany1=782
sponsorship4=834
sponsorship3=833
sponsorship2=832
sponsorship1=831
positionDataRookie1=790
rookie2=829
rookie1=838
userAccount9=776
userAccount8=775
userAccount7=774
userAccount6=773
userAccount5=772
userAccount4=771
userAccount3=770
userAccount2=769
userAccount1=768
auditor3=814
curricula2Rookie1=796
auditor2=813
auditor1=812
